{
  "exclude": {
    "files": "^.secrets.baseline$|uv(\\.lock)?$",
    "lines": null
  },
  "generated_at": "2026-09-29T23:59:32Z",
  "plugins_used": [
    {
      "name": "AWSKeyDetector"
    },
    {
      "name": "ArtifactoryDetector"
    },
    {
      "name": "AzureStorageKeyDetector"
    },
    {
      "base64_limit": 4.5,
      "name": "Base64HighEntropyString"
    },
    {
      "name": "BasicAuthDetector"
    },
    {
      "name": "BoxDetector"
    },
    {
      "name": "CloudantDetector"
    },
    {
      "ghe_instance": "github.ibm.com",
      "name": "GheDetector"
    },
    {
      "name": "GitHubTokenDetector"
    },
    {
      "hex_limit": 3,
      "name": "HexHighEntropyString"
    },
    {
      "name": "IbmCloudIamDetector"
    },
    {
      "name": "IbmCosHmacDetector"
    },
    {
      "name": "JwtTokenDetector"
    },
    {
      "keyword_exclude": null,
      "name": "KeywordDetector"
    },
    {
      "name": "MailchimpDetector"
    },
    {
      "name": "NpmDetector"
    },
    {
      "name": "PrivateKeyDetector"
    },
    {
      "name": "SlackDetector"
    },
    {
      "name": "SoftlayerDetector"
    },
    {
      "name": "SquareOAuthDetector"
    },
    {
      "name": "StripeDetector"
    },
    {
      "name": "TwilioKeyDetector"
    }
  ],
  "results": {
    "Makefile": [
      {
        "hashed_secret": "afd2bc2ae6005a9bec3bc5b7884626d5fe8a08bd",
        "is_secret": false,
        "is_verified": false,
        "line_number": 172,
        "type": "Secret Keyword",
        "verified_result": null
      }
    ],
    "git_wrench/git_server/gitlab.py": [
      {
        "hashed_secret": "bbccb53f41bc53c14ef85d253b60555cca5104f4",
        "is_secret": false,
        "is_verified": false,
        "line_number": 90,
        "type": "Basic Auth Credentials",
        "verified_result": null
      }
    ]
  },
  "version": "0.13.1+ibm.64.dss",
  "word_list": {
    "file": null,
    "hash": null
  }
}
